0 200 249978
100 200 241302
200 200 238459
300 200 239548
400 200 255352
500 200 235825
600 200 238318
700 200 235931
800 200 245941
900 200 244208
1000 200 242387
1100 200 237833
1200 200 245348
1300 200 244256
1400 200 240520
1500 200 242901
1600 200 240788
1700 200 245898
1800 200 241653
1900 200 263002
2000 200 230082
2100 200 233882
2200 200 260787
2300 200 244445
2400 200 240545
2500 200 237102
2600 200 254754
2700 200 255359
2800 200 237905
2900 200 236223
3000 200 55574
3100 404 106
CATALOGO LISTO
https://cofar.cl/category/medicamentos 200 https://cofar.cl/category/medicamentos 308816
https://cofar.cl/category/medicamentos/alergias 200 https://cofar.cl/category/medicamentos/alergias 309595
https://cofar.cl/category/medicamentos/destacados-heel 200 https://cofar.cl/category/medicamentos/destacados-heel 309429
https://cofar.cl/category/medicamentos/antiinfecciosos 200 https://cofar.cl/category/medicamentos/antiinfecciosos 311482
https://cofar.cl/category/medicamentos/antiinfecciosos/antibioticos 200 https://cofar.cl/category/medicamentos/antiinfecciosos/antibioticos 312053
https://cofar.cl/category/medicamentos/antiinfecciosos/antivirales 200 https://cofar.cl/category/medicamentos/antiinfecciosos/antivirales 311956
https://cofar.cl/category/medicamentos/antiinfecciosos/antifungicos 200 https://cofar.cl/category/medicamentos/antiinfecciosos/antifungicos 312007
https://cofar.cl/category/medicamentos/cardiovascular 200 https://cofar.cl/category/medicamentos/cardiovascular 313357
https://cofar.cl/category/medicamentos/cardiovascular/antiarritimicos 200 https://cofar.cl/category/medicamentos/cardiovascular/antiarritimicos 314009
https://cofar.cl/category/medicamentos/cardiovascular/anticoagulantes 200 https://cofar.cl/category/medicamentos/cardiovascular/anticoagulantes 314002
https://cofar.cl/category/medicamentos/cardiovascular/antiplaquetarios-infarto 200 https://cofar.cl/category/medicamentos/cardiovascular/antiplaquetarios-infarto 313852
https://cofar.cl/category/medicamentos/cardiovascular/dislipidemias-colesterol 200 https://cofar.cl/category/medicamentos/cardiovascular/dislipidemias-colesterol 314124
https://cofar.cl/category/medicamentos/cardiovascular/hipertension-arterial 200 https://cofar.cl/category/medicamentos/cardiovascular/hipertension-arterial 314081
https://cofar.cl/category/medicamentos/cardiovascular/otros-cardiovascular 200 https://cofar.cl/category/medicamentos/cardiovascular/otros-cardiovascular 314062
https://cofar.cl/category/medicamentos/dermatologico 200 https://cofar.cl/category/medicamentos/dermatologico 311403
https://cofar.cl/category/medicamentos/dermatologico/acne 200 https://cofar.cl/category/medicamentos/dermatologico/acne 311923
https://cofar.cl/category/medicamentos/dermatologico/salud-capilar 200 https://cofar.cl/category/medicamentos/dermatologico/salud-capilar 312024
https://cofar.cl/category/medicamentos/dermatologico/otros-dermatologia 200 https://cofar.cl/category/medicamentos/dermatologico/otros-dermatologia 312091
https://cofar.cl/category/medicamentos/destacados-gador 200 https://cofar.cl/category/medicamentos/destacados-gador 309439
https://cofar.cl/category/medicamentos/dolor-y-analgesicos 200 https://cofar.cl/category/medicamentos/dolor-y-analgesicos 312660
https://cofar.cl/category/medicamentos/dolor-y-analgesicos/analgesicos 200 https://cofar.cl/category/medicamentos/dolor-y-analgesicos/analgesicos 313209
https://cofar.cl/category/medicamentos/dolor-y-analgesicos/antiinflamatorios 200 https://cofar.cl/category/medicamentos/dolor-y-analgesicos/antiinflamatorios 313274
https://cofar.cl/category/medicamentos/dolor-y-analgesicos/dolor-cronico 200 https://cofar.cl/category/medicamentos/dolor-y-analgesicos/dolor-cronico 313233
https://cofar.cl/category/medicamentos/dolor-y-analgesicos/gota 200 https://cofar.cl/category/medicamentos/dolor-y-analgesicos/gota 313118
https://cofar.cl/category/medicamentos/dolor-y-analgesicos/migranas 200 https://cofar.cl/category/medicamentos/dolor-y-analgesicos/migranas 313173
https://cofar.cl/category/medicamentos/enfermedades-especificas 200 https://cofar.cl/category/medicamentos/enfermedades-especificas 312255
https://cofar.cl/category/medicamentos/enfermedades-especificas/biologicos 200 https://cofar.cl/category/medicamentos/enfermedades-especificas/biologicos 312823
https://cofar.cl/category/medicamentos/enfermedades-especificas/coadyudantes 200 https://cofar.cl/category/medicamentos/enfermedades-especificas/coadyudantes 312842
https://cofar.cl/category/medicamentos/enfermedades-especificas/inmunosupresores 200 https://cofar.cl/category/medicamentos/enfermedades-especificas/inmunosupresores 312876
https://cofar.cl/category/medicamentos/enfermedades-especificas/oncologicos 200 https://cofar.cl/category/medicamentos/enfermedades-especificas/oncologicos 312781
https://cofar.cl/category/medicamentos/diabetes-y-obesidad 200 https://cofar.cl/category/medicamentos/diabetes-y-obesidad 314176
https://cofar.cl/category/medicamentos/diabetes-y-obesidad/ozempic 200 https://cofar.cl/category/medicamentos/diabetes-y-obesidad/ozempic 314755
https://cofar.cl/category/medicamentos/diabetes-y-obesidad/rybelsus 200 https://cofar.cl/category/medicamentos/diabetes-y-obesidad/rybelsus 314753
https://cofar.cl/category/medicamentos/diabetes-y-obesidad/inyectables 200 https://cofar.cl/category/medicamentos/diabetes-y-obesidad/inyectables 314803
https://cofar.cl/category/medicamentos/diabetes-y-obesidad/orales 200 https://cofar.cl/category/medicamentos/diabetes-y-obesidad/orales 314727
https://cofar.cl/category/medicamentos/diabetes-y-obesidad/insulinas 200 https://cofar.cl/category/medicamentos/diabetes-y-obesidad/insulinas 314723
https://cofar.cl/category/medicamentos/diabetes-y-obesidad/sobrepeso 200 https://cofar.cl/category/medicamentos/diabetes-y-obesidad/sobrepeso 314485
https://cofar.cl/category/medicamentos/diabetes-y-obesidad/wegovy 200 https://cofar.cl/category/medicamentos/diabetes-y-obesidad/wegovy 314455
https://cofar.cl/category/medicamentos/diabetes-y-obesidad/mounjaro 200 https://cofar.cl/category/medicamentos/diabetes-y-obesidad/mounjaro 314475
https://cofar.cl/category/medicamentos/fertilidad 200 https://cofar.cl/category/medicamentos/fertilidad 309619
https://cofar.cl/category/medicamentos/gastrointestinal 200 https://cofar.cl/category/medicamentos/gastrointestinal 313724
https://cofar.cl/category/medicamentos/gastrointestinal/antiacidos 200 https://cofar.cl/category/medicamentos/gastrointestinal/antiacidos 314302
https://cofar.cl/category/medicamentos/gastrointestinal/antidiarreicos 200 https://cofar.cl/category/medicamentos/gastrointestinal/antidiarreicos 314343
https://cofar.cl/category/medicamentos/gastrointestinal/antiulcerosos 200 https://cofar.cl/category/medicamentos/gastrointestinal/antiulcerosos 314331
https://cofar.cl/category/medicamentos/gastrointestinal/digestivos 200 https://cofar.cl/category/medicamentos/gastrointestinal/digestivos 314295
https://cofar.cl/category/medicamentos/gastrointestinal/antiemeticos 200 https://cofar.cl/category/medicamentos/gastrointestinal/antiemeticos 314326
https://cofar.cl/category/medicamentos/gastrointestinal/laxantes 200 https://cofar.cl/category/medicamentos/gastrointestinal/laxantes 314271
https://cofar.cl/category/medicamentos/gastrointestinal/otros-gastrointestinal 200 https://cofar.cl/category/medicamentos/gastrointestinal/otros-gastrointestinal 314439
https://cofar.cl/category/medicamentos/hormona-del-crecimiento 200 https://cofar.cl/category/medicamentos/hormona-del-crecimiento 309788
https://cofar.cl/category/medicamentos/huesos-y-articulaciones 200 https://cofar.cl/category/medicamentos/huesos-y-articulaciones 311695
https://cofar.cl/category/medicamentos/huesos-y-articulaciones/antirreumaticos 200 https://cofar.cl/category/medicamentos/huesos-y-articulaciones/antirreumaticos 312271
https://cofar.cl/category/medicamentos/huesos-y-articulaciones/calcios 200 https://cofar.cl/category/medicamentos/huesos-y-articulaciones/calcios 312168
https://cofar.cl/category/medicamentos/huesos-y-articulaciones/relajantes-musculares 200 https://cofar.cl/category/medicamentos/huesos-y-articulaciones/relajantes-musculares 312336
https://cofar.cl/category/medicamentos/oftalmologico 200 https://cofar.cl/category/medicamentos/oftalmologico 311449
https://cofar.cl/category/medicamentos/oftalmologico/antibiotico-ocular 200 https://cofar.cl/category/medicamentos/oftalmologico/antibiotico-ocular 312137
https://cofar.cl/category/medicamentos/oftalmologico/glaucoma 200 https://cofar.cl/category/medicamentos/oftalmologico/glaucoma 312010
https://cofar.cl/category/medicamentos/oftalmologico/lubricante-ocular 200 https://cofar.cl/category/medicamentos/oftalmologico/lubricante-ocular 312118
https://cofar.cl/category/medicamentos/respiratorio 200 https://cofar.cl/category/medicamentos/respiratorio 311350
https://cofar.cl/category/medicamentos/respiratorio/antitusivo 200 https://cofar.cl/category/medicamentos/respiratorio/antitusivo 311949
https://cofar.cl/category/medicamentos/respiratorio/asma 200 https://cofar.cl/category/medicamentos/respiratorio/asma 311877
https://cofar.cl/category/medicamentos/respiratorio/descongestionantes 200 https://cofar.cl/category/medicamentos/respiratorio/descongestionantes 312045
https://cofar.cl/category/medicamentos/salud-femenina 200 https://cofar.cl/category/medicamentos/salud-femenina 311476
https://cofar.cl/category/medicamentos/salud-femenina/anticonceptivos 200 https://cofar.cl/category/medicamentos/salud-femenina/anticonceptivos 312121
https://cofar.cl/category/medicamentos/salud-femenina/hormonoterapia 200 https://cofar.cl/category/medicamentos/salud-femenina/hormonoterapia 312109
https://cofar.cl/category/medicamentos/salud-femenina/test-de-embarazo 200 https://cofar.cl/category/medicamentos/salud-femenina/test-de-embarazo 312133
https://cofar.cl/category/medicamentos/salud-masculina 200 https://cofar.cl/category/medicamentos/salud-masculina 310881
https://cofar.cl/category/medicamentos/salud-masculina/disfuncion 200 https://cofar.cl/category/medicamentos/salud-masculina/disfuncion 311224
https://cofar.cl/category/medicamentos/salud-masculina/prostaticos 200 https://cofar.cl/category/medicamentos/salud-masculina/prostaticos 311478
https://cofar.cl/category/medicamentos/salud-mental 200 https://cofar.cl/category/medicamentos/salud-mental 314662
https://cofar.cl/category/medicamentos/salud-mental/alzheimer 200 https://cofar.cl/category/medicamentos/salud-mental/alzheimer 315239
https://cofar.cl/category/medicamentos/salud-mental/ansioliticos 200 https://cofar.cl/category/medicamentos/salud-mental/ansioliticos 315282
https://cofar.cl/category/medicamentos/salud-mental/antidepresivos 200 https://cofar.cl/category/medicamentos/salud-mental/antidepresivos 315299
https://cofar.cl/category/medicamentos/salud-mental/antiepilepticos 200 https://cofar.cl/category/medicamentos/salud-mental/antiepilepticos 315346
https://cofar.cl/category/medicamentos/salud-mental/antipsicoticos 200 https://cofar.cl/category/medicamentos/salud-mental/antipsicoticos 315346
https://cofar.cl/category/medicamentos/salud-mental/inductores-de-sueno 200 https://cofar.cl/category/medicamentos/salud-mental/inductores-de-sueno 315372
https://cofar.cl/category/medicamentos/salud-mental/parkinson 200 https://cofar.cl/category/medicamentos/salud-mental/parkinson 315239
https://cofar.cl/category/medicamentos/salud-mental/otros 200 https://cofar.cl/category/medicamentos/salud-mental/otros 315263
https://cofar.cl/category/medicamentos/salud-mental/psicoestimulantes 200 https://cofar.cl/category/medicamentos/salud-mental/psicoestimulantes 315371
https://cofar.cl/category/medicamentos/sistema-sanguineo 200 https://cofar.cl/category/medicamentos/sistema-sanguineo 309710
https://cofar.cl/category/medicamentos/tiroides 200 https://cofar.cl/category/medicamentos/tiroides 309595
https://cofar.cl/category/medicamentos/vih 200 https://cofar.cl/category/medicamentos/vih 309573
https://cofar.cl/category/medicamentos/vitaminas 200 https://cofar.cl/category/medicamentos/vitaminas 309369
https://cofar.cl/category/medicamentos/refrigerados 200 https://cofar.cl/category/medicamentos/refrigerados 309399
https://cofar.cl/category/medicamentos/receta-cheque---solo-compra-presencial 200 https://cofar.cl/category/medicamentos/receta-cheque---solo-compra-presencial 309968
https://cofar.cl/category/medicamentos/descuento-mi-cofar 200 https://cofar.cl/category/medicamentos/descuento-mi-cofar 309715
https://cofar.cl/category/medicamentos/descuentos-progresivos 200 https://cofar.cl/category/medicamentos/descuentos-progresivos 309778
https://cofar.cl/category/medicamentos/seguro-complementario 200 https://cofar.cl/category/medicamentos/seguro-complementario 309502
https://cofar.cl/category/medicamentos/especial-fertilidad 200 https://cofar.cl/category/medicamentos/especial-fertilidad 309482
https://cofar.cl/category/medicamentos/especial-control-de-peso 200 https://cofar.cl/category/medicamentos/especial-control-de-peso 309532
https://cofar.cl/category/dermocosmetico 200 https://cofar.cl/category/dermocosmetico 264995
https://cofar.cl/category/dermocosmetico/capilar 200 https://cofar.cl/category/dermocosmetico/capilar 265818
https://cofar.cl/category/dermocosmetico/cuerpo 200 https://cofar.cl/category/dermocosmetico/cuerpo 265808
https://cofar.cl/category/dermocosmetico/proteccion-solar 200 https://cofar.cl/category/dermocosmetico/proteccion-solar 265913
https://cofar.cl/category/dermocosmetico/rostro 200 https://cofar.cl/category/dermocosmetico/rostro 268533
https://cofar.cl/category/dermocosmetico/rostro/contorno-de-ojos 200 https://cofar.cl/category/dermocosmetico/rostro/contorno-de-ojos 268924
https://cofar.cl/category/dermocosmetico/rostro/hidratacion 200 https://cofar.cl/category/dermocosmetico/rostro/hidratacion 268879
https://cofar.cl/category/dermocosmetico/rostro/serum 200 https://cofar.cl/category/dermocosmetico/rostro/serum 268814
https://cofar.cl/category/dermocosmetico/rostro/limpieza-facial 200 https://cofar.cl/category/dermocosmetico/rostro/limpieza-facial 268914
https://cofar.cl/category/dermocosmetico/rostro/tratamientos 200 https://cofar.cl/category/dermocosmetico/rostro/tratamientos 268884
https://cofar.cl/category/vitaminas-y-suplementos 200 https://cofar.cl/category/vitaminas-y-suplementos 273408
https://cofar.cl/category/vitaminas-y-suplementos/vitamina 200 https://cofar.cl/category/vitaminas-y-suplementos/vitamina 277429
https://cofar.cl/category/vitaminas-y-suplementos/vitamina/multivitaminicos 200 https://cofar.cl/category/vitaminas-y-suplementos/vitamina/multivitaminicos 278104
https://cofar.cl/category/vitaminas-y-suplementos/vitamina/vitamina-c 200 https://cofar.cl/category/vitaminas-y-suplementos/vitamina/vitamina-c 278039
https://cofar.cl/category/vitaminas-y-suplementos/vitamina/vitamina-d 200 https://cofar.cl/category/vitaminas-y-suplementos/vitamina/vitamina-d 278039
https://cofar.cl/category/vitaminas-y-suplementos/vitamina/complejo-b 200 https://cofar.cl/category/vitaminas-y-suplementos/vitamina/complejo-b 278039
https://cofar.cl/category/vitaminas-y-suplementos/vitamina/vitamina-e 200 https://cofar.cl/category/vitaminas-y-suplementos/vitamina/vitamina-e 278039
https://cofar.cl/category/vitaminas-y-suplementos/vitamina/acido-folico 200 https://cofar.cl/category/vitaminas-y-suplementos/vitamina/acido-folico 278069
https://cofar.cl/category/vitaminas-y-suplementos/descuentos-progresivos-vitaminas-y-suplementos 200 https://cofar.cl/category/vitaminas-y-suplementos/descuentos-progresivos-vitaminas-y-suplementos 274311
https://cofar.cl/category/vitaminas-y-suplementos/minerales 200 https://cofar.cl/category/vitaminas-y-suplementos/minerales 276195
https://cofar.cl/category/vitaminas-y-suplementos/minerales/magnesio 200 https://cofar.cl/category/vitaminas-y-suplementos/minerales/magnesio 276780
https://cofar.cl/category/vitaminas-y-suplementos/minerales/zinc 200 https://cofar.cl/category/vitaminas-y-suplementos/minerales/zinc 276740
https://cofar.cl/category/vitaminas-y-suplementos/minerales/calcio 200 https://cofar.cl/category/vitaminas-y-suplementos/minerales/calcio 276760
https://cofar.cl/category/vitaminas-y-suplementos/minerales/hierro 200 https://cofar.cl/category/vitaminas-y-suplementos/minerales/hierro 276760
https://cofar.cl/category/vitaminas-y-suplementos/suplementos 200 https://cofar.cl/category/vitaminas-y-suplementos/suplementos 277413
https://cofar.cl/category/vitaminas-y-suplementos/suplementos/omega-3 200 https://cofar.cl/category/vitaminas-y-suplementos/suplementos/omega-3 277980
https://cofar.cl/category/vitaminas-y-suplementos/suplementos/probioticos 200 https://cofar.cl/category/vitaminas-y-suplementos/suplementos/probioticos 278025
https://cofar.cl/category/vitaminas-y-suplementos/suplementos/colageno 200 https://cofar.cl/category/vitaminas-y-suplementos/suplementos/colageno 277995
https://cofar.cl/category/vitaminas-y-suplementos/suplementos/cranberry 200 https://cofar.cl/category/vitaminas-y-suplementos/suplementos/cranberry 278000
https://cofar.cl/category/vitaminas-y-suplementos/suplementos/maqui 200 https://cofar.cl/category/vitaminas-y-suplementos/suplementos/maqui 277960
https://cofar.cl/category/vitaminas-y-suplementos/suplementos/alimentos 200 https://cofar.cl/category/vitaminas-y-suplementos/suplementos/alimentos 278000
https://cofar.cl/category/vitaminas-y-suplementos/marcas 200 https://cofar.cl/category/vitaminas-y-suplementos/marcas 277721
https://cofar.cl/category/vitaminas-y-suplementos/marcas/solgar 200 https://cofar.cl/category/vitaminas-y-suplementos/marcas/solgar 278314
https://cofar.cl/category/vitaminas-y-suplementos/marcas/sundown 200 https://cofar.cl/category/vitaminas-y-suplementos/marcas/sundown 278324
https://cofar.cl/category/vitaminas-y-suplementos/marcas/newscience 200 https://cofar.cl/category/vitaminas-y-suplementos/marcas/newscience 278354
https://cofar.cl/category/vitaminas-y-suplementos/marcas/newpharma 200 https://cofar.cl/category/vitaminas-y-suplementos/marcas/newpharma 278344
https://cofar.cl/category/vitaminas-y-suplementos/marcas/centrum 200 https://cofar.cl/category/vitaminas-y-suplementos/marcas/centrum 278324
https://cofar.cl/category/vitaminas-y-suplementos/marcas/muno 200 https://cofar.cl/category/vitaminas-y-suplementos/marcas/muno 278294
https://cofar.cl/category/vitaminas-y-suplementos/marcas/biocare 200 https://cofar.cl/category/vitaminas-y-suplementos/marcas/biocare 278324
https://cofar.cl/category/vitaminas-y-suplementos/colagenos 200 https://cofar.cl/category/vitaminas-y-suplementos/colagenos 273938
https://cofar.cl/category/vitaminas-y-suplementos/suplementos-deportivos 200 https://cofar.cl/category/vitaminas-y-suplementos/suplementos-deportivos 277525
https://cofar.cl/category/vitaminas-y-suplementos/suplementos-deportivos/creatina 200 https://cofar.cl/category/vitaminas-y-suplementos/suplementos-deportivos/creatina 278021
https://cofar.cl/category/vitaminas-y-suplementos/suplementos-deportivos/proteina 200 https://cofar.cl/category/vitaminas-y-suplementos/suplementos-deportivos/proteina 278026
https://cofar.cl/category/vitaminas-y-suplementos/vitaminas-y-alimentos 200 https://cofar.cl/category/vitaminas-y-suplementos/vitaminas-y-alimentos 277553
https://cofar.cl/category/accesorios 200 https://cofar.cl/category/accesorios 262986
https://cofar.cl/category/accesorios/acc.-diabetes 200 https://cofar.cl/category/accesorios/acc.-diabetes 263577
https://cofar.cl/category/accesorios/descuentos-progresivos-accesorios 200 https://cofar.cl/category/accesorios/descuentos-progresivos-accesorios 263798
https://cofar.cl/category/accesorios/acc.-vih 200 https://cofar.cl/category/accesorios/acc.-vih 263535
CATEGORIAS LISTAS
