muestra 60
https://cofar.cl/product/010290330/galvus-met-50-1000-56-comp-rec 200 https://cofar.cl/product/010290330/galvus-met-50-1000-56-comp-rec 194693
https://cofar.cl/product/010290329/galvus-met-vildagliptina-merformina-50-850-mg-28-comprimidos-recubiertos 200 https://cofar.cl/product/010290329/galvus-met-vildagliptina-merformina-50-850-mg-28-comprimidos-recubiertos 194959
https://cofar.cl/product/012520006/rybelsus-semaglutida-14mg-90-comprimidos-pack-3x2 200 https://cofar.cl/product/012520006/rybelsus-semaglutida-14mg-90-comprimidos-pack-3x2 194817
https://cofar.cl/product/050350002/humulin-n-100ui-ml-5-cadtridge 200 https://cofar.cl/product/050350002/humulin-n-100ui-ml-5-cadtridge 194657
https://cofar.cl/product/012522017/ozempic-semaglutida-2mg-1-5ml-1-dispositivo-prellenado-multidosis 200 https://cofar.cl/product/012522017/ozempic-semaglutida-2mg-1-5ml-1-dispositivo-prellenado-multidosis 194919
https://cofar.cl/product/082050643/zoladex-10-8mg-1-impl 200 https://cofar.cl/product/082050643/zoladex-10-8mg-1-impl 194665
https://cofar.cl/product/082560020/sutent-50mg-28-cap 200 https://cofar.cl/product/082560020/sutent-50mg-28-cap 194641
https://cofar.cl/product/012571085/foltran-filgrastim-300mcg-ml-1-jeringa-prellenada 200 https://cofar.cl/product/012571085/foltran-filgrastim-300mcg-ml-1-jeringa-prellenada 194767
https://cofar.cl/product/012510007/xalut-40mg-120-cap 200 https://cofar.cl/product/012510007/xalut-40mg-120-cap 194659
https://cofar.cl/product/013110965/taxus-20mg-30-comp 200 https://cofar.cl/product/013110965/taxus-20mg-30-comp 194645
https://cofar.cl/product/011000228/ziagen-300mg-60-comp 200 https://cofar.cl/product/011000228/ziagen-300mg-60-comp 194659
https://cofar.cl/product/080320004/tenofem-200mg-300mg-30-comp 200 https://cofar.cl/product/080320004/tenofem-200mg-300mg-30-comp 194633
https://cofar.cl/product/011000023/juluca-52-6mg-27-5mg-30-comp-rec 200 https://cofar.cl/product/011000023/juluca-52-6mg-27-5mg-30-comp-rec 194693
https://cofar.cl/product/082810019/vemlidy-25mg-30-comp-rec 200 https://cofar.cl/product/082810019/vemlidy-25mg-30-comp-rec 194681
https://cofar.cl/product/081009008/triumeq-50-mg-300-mg-600-mg-30-comprimidos-recubiertos 200 https://cofar.cl/product/081009008/triumeq-50-mg-300-mg-600-mg-30-comprimidos-recubiertos 194871
https://cofar.cl/product/102010012/pergoveris-900ui-450ui-0-72ml-1-jp 200 https://cofar.cl/product/102010012/pergoveris-900ui-450ui-0-72ml-1-jp 194757
https://cofar.cl/product/052010003/gonal-f-300ui-0-5ml-1-jp 200 https://cofar.cl/product/052010003/gonal-f-300ui-0-5ml-1-jp 194661
https://cofar.cl/product/052010001/gonal-f-900ui-1-5ml-1-jp 200 https://cofar.cl/product/052010001/gonal-f-900ui-1-5ml-1-jp 194663
https://cofar.cl/product/102010011/pergoveris-450ui-225ui-1-jp 200 https://cofar.cl/product/102010011/pergoveris-450ui-225ui-1-jp 194689
https://cofar.cl/product/012019856/ovidrel-250mcg-0-5ml-1-cadtridge 200 https://cofar.cl/product/012019856/ovidrel-250mcg-0-5ml-1-cadtridge 194673
https://cofar.cl/product/012510044/depurol-retard-75mg-30-cap 200 https://cofar.cl/product/012510044/depurol-retard-75mg-30-cap 194565
https://cofar.cl/product/012972701/nirvan-3mg-40-comp-rec 200 https://cofar.cl/product/012972701/nirvan-3mg-40-comp-rec 194513
https://cofar.cl/product/012389992/topivitae-50mg-28-cap 200 https://cofar.cl/product/012389992/topivitae-50mg-28-cap 194671
https://cofar.cl/product/010160331/sifrol-er-0-75mg-30-comp 200 https://cofar.cl/product/010160331/sifrol-er-0-75mg-30-comp 194579
https://cofar.cl/product/012380002/arivitae-aripiprazol-10mg-28-comprimidos 200 https://cofar.cl/product/012380002/arivitae-aripiprazol-10mg-28-comprimidos 194697
https://cofar.cl/product/108277576/cimzia-200mg-ml-2-jp 200 https://cofar.cl/product/108277576/cimzia-200mg-ml-2-jp 194579
https://cofar.cl/product/100290001/rixathon-500mg-50ml-1-amp 200 https://cofar.cl/product/100290001/rixathon-500mg-50ml-1-amp 194661
https://cofar.cl/product/013530011/rapamune-1mg-ml-60ml-sol-oral 200 https://cofar.cl/product/013530011/rapamune-1mg-ml-60ml-sol-oral 194703
https://cofar.cl/product/052520001/glucagen-hipokit-1mg-1-pvo-iny 200 https://cofar.cl/product/052520001/glucagen-hipokit-1mg-1-pvo-iny 194703
https://cofar.cl/product/103260004/dupixent-300mg-2ml-2-jp 200 https://cofar.cl/product/103260004/dupixent-300mg-2ml-2-jp 194649
https://cofar.cl/product/011720100/oltan-d-40-12-5-30-comp 200 https://cofar.cl/product/011720100/oltan-d-40-12-5-30-comp 194665
https://cofar.cl/product/012835986/corodin-100mg-30-comp 200 https://cofar.cl/product/012835986/corodin-100mg-30-comp 194551
https://cofar.cl/product/018279012/ismo-20mg-30-comp 200 https://cofar.cl/product/018279012/ismo-20mg-30-comp 194622
https://cofar.cl/product/012569990/lipitor-20mg-x90-comp-rec 200 https://cofar.cl/product/012569990/lipitor-20mg-x90-comp-rec 194695
https://cofar.cl/product/010170072/atenolol-50mg-20-comp 200 https://cofar.cl/product/010170072/atenolol-50mg-20-comp 194665
https://cofar.cl/product/010871050/nervoton-compuesto-de-vitaminas-b1-b2-b6-b12-y-pp-120-ml-solucion-oral 200 https://cofar.cl/product/010871050/nervoton-compuesto-de-vitaminas-b1-b2-b6-b12-y-pp-120-ml-solucion-oral 194973
https://cofar.cl/product/011050004/biocare-probioticos-y-vitamina-d3-biomelts-28-sobres 200 https://cofar.cl/product/011050004/biocare-probioticos-y-vitamina-d3-biomelts-28-sobres 194409
https://cofar.cl/product/012502011/vitde-800-vitamina-d-como-colecalciferol-800-ui-30-comprimidos 200 https://cofar.cl/product/012502011/vitde-800-vitamina-d-como-colecalciferol-800-ui-30-comprimidos 194853
https://cofar.cl/product/017500007/citrato-de-magnesio-en-gomitas-60-unidades 200 https://cofar.cl/product/017500007/citrato-de-magnesio-en-gomitas-60-unidades 194349
https://cofar.cl/product/012830541/biogaia-probioticos-con-vitamina-d-gotas-5-ml 200 https://cofar.cl/product/012830541/biogaia-probioticos-con-vitamina-d-gotas-5-ml 194367
https://cofar.cl/product/015970047/vichy-liftactiv-supreme-vit-c-serum-20ml 200 https://cofar.cl/product/015970047/vichy-liftactiv-supreme-vit-c-serum-20ml 194707
https://cofar.cl/product/010690003/uriage-xemose-stick-levres-4g 200 https://cofar.cl/product/010690003/uriage-xemose-stick-levres-4g 194619
https://cofar.cl/product/010076601/cetaphil-locion-limpieza-237ml 200 https://cofar.cl/product/010076601/cetaphil-locion-limpieza-237ml 194629
https://cofar.cl/product/013980103/isdin-acniben-repair-limpiador-180ml 200 https://cofar.cl/product/013980103/isdin-acniben-repair-limpiador-180ml 194313
https://cofar.cl/product/013970250/lrp-toleriane-dermallergo-creme-40ml 200 https://cofar.cl/product/013970250/lrp-toleriane-dermallergo-creme-40ml 194697
https://cofar.cl/product/030170006/finapet-37-5mg-30-cap 200 https://cofar.cl/product/030170006/finapet-37-5mg-30-cap 194577
https://cofar.cl/product/032830002/aradix-retard-10mg-30-comp 200 https://cofar.cl/product/032830002/aradix-retard-10mg-30-comp 194581
https://cofar.cl/product/030430015/minfel-36mg-30-comp-rec 200 https://cofar.cl/product/030430015/minfel-36mg-30-comp-rec 194631
https://cofar.cl/product/032830003/aradix-retard-20mg-30-comp 200 https://cofar.cl/product/032830003/aradix-retard-20mg-30-comp 194581
https://cofar.cl/product/032970006/obexol-37-5mg-30-cap 200 https://cofar.cl/product/032970006/obexol-37-5mg-30-cap 194567
https://cofar.cl/product/010239998/lanzoprazol-30mg 200 https://cofar.cl/product/010239998/lanzoprazol-30mg 194196
https://cofar.cl/product/32973/p1 200 https://cofar.cl/product/32973/p1 194156
https://cofar.cl/product/10772190/phillips-menta 200 https://cofar.cl/product/10772190/phillips-menta 194189
https://cofar.cl/product/378347843/p1 200 https://cofar.cl/product/378347843/p1 194168
https://cofar.cl/product/378336/p1 200 https://cofar.cl/product/378336/p1 194159
https://cofar.cl/product/22383768/p1 200 https://cofar.cl/product/22383768/p1 194165
https://cofar.cl/product/363276/p1 200 https://cofar.cl/product/363276/p1 194159
https://cofar.cl/product/0123458492/cms6 200 https://cofar.cl/product/0123458492/cms6 194175
https://cofar.cl/product/8765433/test-2 200 https://cofar.cl/product/8765433/test-2 194170
https://cofar.cl/product/010036064/anulette-20-cd 200 https://cofar.cl/product/010036064/anulette-20-cd 194192
FICHAS RAW LISTAS
DOM home   351604
DOM preguntas-frecuentes   287767
DOM contigo-beneficios   372017
DOM cat_diabetes-y-obesidad   386922
DOM cat_receta-cheque   345708
DOM product_999999999_no-existe   211613
DOM product_010290330   264952
DOM product_010290329   265717
DOM product_082050643   233730
DOM product_082560020   230622
DOM product_011000228   230048
DOM product_080320004   234053
DOM product_102010012   232549
DOM product_052010003   232088
DOM product_012510044   262473
DOM product_012972701   279132
DOM product_108277576   231405
DOM product_100290001   230366
DOM product_011720100   231073
DOM product_012835986   230742
DOM product_010871050   302462
DOM product_011050004   314426
DOM product_015970047   301660
DOM product_010690003   294662
DOM product_030170006   261857
DOM product_032830002   230097
DOM product_010239998   212400
DOM product_32973   211586
DOM LISTO
